%!Adobe-FontList 1.18
%Locale:0x409

%BeginFont
Handler:DirectoryHandler
FontType:Type1
FontName:MinionPro-Regular
FamilyName:Minion Pro
StyleName:Regular
MenuName:Minion Pro
StyleBits:0
WeightClass:400
WidthClass:5
AngleClass:0
FullName:Minion Pro
WritingScript:Roman
OutlineFileName:\MinionPro-Regular.otf
DataFormat:sfntData
UsesStandardEncoding:yes
isCFF:yes
hasSVG:no
FileLength:218640
FileModTime:1486025630
DesignSize:110
NameArray:0,Mac,4,Minion Pro
NameArray:0,Win,1,Minion Pro
%EndFont

%BeginFont
Handler:DirectoryHandler
FontType:TrueType
FontName:Moon_Phases_-_smartmix.it
FamilyName:Moon Phases - smartmix.it
StyleName:Regular
MenuName:Moon Phases - smartmix.it
StyleBits:0
WeightClass:400
WidthClass:5
AngleClass:0
FullName:Moon Phases - smartmix.it
WritingScript:Roman
OutlineFileName:\Moon Phases - smartmix.it.ttf
DataFormat:sfntData
hasSVG:no
FileLength:273428
FileModTime:1514977991
NameArray:0,Mac,4,Moon Phases - smartmix.it
NameArray:0,Win,1,Moon Phases - smartmix.it
%EndFont

%BeginFont
Handler:DirectoryHandler
FontType:TrueType
FontName:Roboto-Thin
FamilyName:Roboto
StyleName:Thin
MenuName:Roboto Thin
StyleBits:0
WeightClass:250
WidthClass:5
AngleClass:0
FullName:Roboto Thin
WritingScript:Roman
OutlineFileName:\Roboto-Thin.ttf
DataFormat:sfntData
hasSVG:no
FileLength:130044
FileModTime:1436342454
NameArray:0,Mac,18,Roboto Thin
NameArray:0,Mac,4,Roboto Thin
NameArray:0,Win,1,Roboto Thin
NameArray:0,Win,16,Roboto
%EndFont

